// Jest Snapshot v1, https://goo.gl/fbAQLP

exports[`Link changes the class when hovered 1`] = `
<div
  className="MuiGrid-container-8 MuiGrid-justify-xs-center-25 TextFields-container-3"
>
  <form
    action="/login"
    autoComplete="off"
    method="post"
    noValidate={true}
  >
    <div
      className="MuiGrid-container-8 MuiGrid-direction-xs-column-11 MuiGrid-justify-xs-center-25"
    >
      <div
        className="MuiPaper-root-106 MuiPaper-elevation1-109 MuiPaper-rounded-107 MuiCard-root-105 TextFields-card-2"
      >
        <div
          className="MuiGrid-item-9"
        >
          <div
            className="MuiFormControl-root-133 TextFields-textField-4"
          >
            <label
              className="MuiFormLabel-root-148 MuiInputLabel-root-137 MuiInputLabel-formControl-142 MuiInputLabel-animated-145"
              data-shrink={false}
              htmlFor="standard-name"
            >
              Name
            </label>
            <div
              className="MuiInputBase-root-168 MuiInput-root-155 MuiInput-underline-159 MuiInputBase-formControl-169 MuiInput-formControl-156"
              onClick={[Function]}
            >
              <input
                aria-invalid={false}
                className="MuiInputBase-input-178 MuiInput-input-163"
                disabled={false}
                id="standard-name"
                name="username"
                onBlur={[Function]}
                onChange={[Function]}
                onFocus={[Function]}
                required={false}
                type="text"
              />
            </div>
          </div>
        </div>
        <div
          className="MuiGrid-item-9"
        >
          <div
            className="MuiFormControl-root-133 TextFields-textField-4"
          >
            <label
              className="MuiFormLabel-root-148 MuiInputLabel-root-137 MuiInputLabel-formControl-142 MuiInputLabel-animated-145"
              data-shrink={false}
              htmlFor="standard-name"
            >
              Password
            </label>
            <div
              className="MuiInputBase-root-168 MuiInput-root-155 MuiInput-underline-159 MuiInputBase-formControl-169 MuiInput-formControl-156"
              onClick={[Function]}
            >
              <input
                aria-invalid={false}
                className="MuiInputBase-input-178 MuiInput-input-163"
                disabled={false}
                id="standard-name"
                name="password"
                onBlur={[Function]}
                onChange={[Function]}
                onFocus={[Function]}
                required={false}
                type="text"
              />
            </div>
          </div>
        </div>
      </div>
    </div>
    <button
      className="MuiButtonBase-root-211 MuiButton-root-185 MuiButton-contained-196 MuiButton-containedPrimary-197 MuiButton-raised-199 MuiButton-raisedPrimary-200 TextFields-button-1"
      disabled={false}
      onBlur={[Function]}
      onContextMenu={[Function]}
      onFocus={[Function]}
      onKeyDown={[Function]}
      onKeyUp={[Function]}
      onMouseDown={[Function]}
      onMouseLeave={[Function]}
      onMouseUp={[Function]}
      onTouchEnd={[Function]}
      onTouchMove={[Function]}
      onTouchStart={[Function]}
      tabIndex="0"
      type="submit"
    >
      <span
        className="MuiButton-label-186"
      >
        Log In
      </span>
      <span
        className="MuiTouchRipple-root-214"
      />
    </button>
    <a
      className="MuiButtonBase-root-211 MuiButton-root-185 MuiButton-contained-196 MuiButton-containedPrimary-197 MuiButton-raised-199 MuiButton-raisedPrimary-200 TextFields-button-1"
      href="/signup"
      onBlur={[Function]}
      onContextMenu={[Function]}
      onFocus={[Function]}
      onKeyDown={[Function]}
      onKeyUp={[Function]}
      onMouseDown={[Function]}
      onMouseLeave={[Function]}
      onMouseUp={[Function]}
      onTouchEnd={[Function]}
      onTouchMove={[Function]}
      onTouchStart={[Function]}
      role="button"
      tabIndex="0"
    >
      <span
        className="MuiButton-label-186"
      >
        Sign up
      </span>
      <span
        className="MuiTouchRipple-root-214"
      />
    </a>
  </form>
</div>
`;
